// Jest Snapshot v1, https://goo.gl/fbAQLP

exports[`Test snapshot 1`] = `
"<div style=\\"width: 20%; padding: 5px;\\">
  <div>
    Pertanyaan 1
  </div>
  <div><label>a. Ya</label></div>
  <div><label>b. Tidak</label></div>
  <div role=\\"group\\" class=\\"input-group\\">
    <!----><input type=\\"text\\" autocomplete=\\"off\\" class=\\"form-control\\">
    <!---->
  </div>
  <div><label>
      Belum terjawab
    </label></div>
</div>"
`;
